
thread '<unnamed>' (2965931) panicked at crates/infer-worker/src/worker/runner.rs:469:17:
ModelRunner::run forward error: Invalid argument: refresh_ragged_plan: total_q_tiles 16 > max 8
note: run with `RUST_BACKTRACE=1` environment variable to display a backtrace
[2m2026-05-20T06:14:14.124479Z[0m [31mERROR[0m [2minfer_server::error[0m[2m:[0m Internal error: Request 45896794-3d06-43ce-a3de-2820185e7311 timeout after 120s
[2m2026-05-20T06:14:14.124484Z[0m [31mERROR[0m [2minfer_server::error[0m[2m:[0m Internal error: Request 52ea042d-f084-4a3d-bc6c-a0f5fcd65aa2 timeout after 120s
[2m2026-05-20T06:14:14.124511Z[0m [31mERROR[0m [2minfer_server::error[0m[2m:[0m Internal error: Request a4f83592-9f51-4293-a961-2b3dc6daf9e4 timeout after 120s
[2m2026-05-20T06:14:14.124537Z[0m [31mERROR[0m [2minfer_server::error[0m[2m:[0m Internal error: Request c8ea0804-aac4-48f1-b9ee-a984ded79ba7 timeout after 120s
[2m2026-05-20T06:14:14.124554Z[0m [31mERROR[0m [2minfer_server::error[0m[2m:[0m Internal error: Request 150fb5e2-85b7-49f0-b3c3-62d4b20a37f1 timeout after 120s
[2m2026-05-20T06:14:14.124672Z[0m [31mERROR[0m [2mtower_http::trace::on_failure[0m[2m:[0m response failed [3mclassification[0m[2m=[0mStatus code: 500 Internal Server Error [3mlatency[0m[2m=[0m120001 ms
[2m2026-05-20T06:14:14.124682Z[0m [31mERROR[0m [2mtower_http::trace::on_failure[0m[2m:[0m response failed [3mclassification[0m[2m=[0mStatus code: 500 Internal Server Error [3mlatency[0m[2m=[0m120001 ms
[2m2026-05-20T06:14:14.124679Z[0m [31mERROR[0m [2minfer_server::error[0m[2m:[0m Internal error: Request 11766481-2369-413a-8aed-ef62a7859866 timeout after 120s
[2m2026-05-20T06:14:14.124592Z[0m [31mERROR[0m [2minfer_server::error[0m[2m:[0m Internal error: Request 7e28e988-d1a4-4785-bb8a-c53cdfadf0ff timeout after 120s
[2m2026-05-20T06:14:14.124749Z[0m [31mERROR[0m [2mtower_http::trace::on_failure[0m[2m:[0m response failed [3mclassification[0m[2m=[0mStatus code: 500 Internal Server Error [3mlatency[0m[2m=[0m120001 ms
[2m2026-05-20T06:14:14.124757Z[0m [31mERROR[0m [2mtower_http::trace::on_failure[0m[2m:[0m response failed [3mclassification[0m[2m=[0mStatus code: 500 Internal Server Error [3mlatency[0m[2m=[0m120001 ms
[2m2026-05-20T06:14:14.124757Z[0m [31mERROR[0m [2minfer_server::error[0m[2m:[0m Internal error: Request fbf9bb0a-18cb-4afd-bf51-693e550006f8 timeout after 120s
[2m2026-05-20T06:14:14.124650Z[0m [31mERROR[0m [2minfer_server::error[0m[2m:[0m Internal error: Request a83afd86-f742-48c6-9876-23df8915dcb2 timeout after 120s
[2m2026-05-20T06:14:14.124558Z[0m [31mERROR[0m [2mtower_http::trace::on_failure[0m[2m:[0m response failed [3mclassification[0m[2m=[0mStatus code: 500 Internal Server Error [3mlatency[0m[2m=[0m120001 ms
[2m2026-05-20T06:14:14.124672Z[0m [31mERROR[0m [2minfer_server::error[0m[2m:[0m Internal error: Request db43596f-e4e5-40ed-8871-1d3ba5b9d087 timeout after 120s
[2m2026-05-20T06:14:14.124560Z[0m [31mERROR[0m [2minfer_server::error[0m[2m:[0m Internal error: Request c0c08b2d-9a9c-43d3-b063-22f905b2da91 timeout after 120s
[2m2026-05-20T06:14:14.124571Z[0m [31mERROR[0m [2minfer_server::error[0m[2m:[0m Internal error: Request 753619b0-b006-44b7-9531-77fd97aa0fbf timeout after 120s
[2m2026-05-20T06:14:14.124896Z[0m [31mERROR[0m [2mtower_http::trace::on_failure[0m[2m:[0m response failed [3mclassification[0m[2m=[0mStatus code: 500 Internal Server Error [3mlatency[0m[2m=[0m120001 ms
[2m2026-05-20T06:14:14.124906Z[0m [31mERROR[0m [2mtower_http::trace::on_failure[0m[2m:[0m response failed [3mclassification[0m[2m=[0mStatus code: 500 Internal Server Error [3mlatency[0m[2m=[0m120001 ms
[2m2026-05-20T06:14:14.124597Z[0m [31mERROR[0m [2mtower_http::trace::on_failure[0m[2m:[0m response failed [3mclassification[0m[2m=[0mStatus code: 500 Internal Server Error [3mlatency[0m[2m=[0m120001 ms
[2m2026-05-20T06:14:14.124751Z[0m [31mERROR[0m [2minfer_server::error[0m[2m:[0m Internal error: Request f30fa5a7-3103-4285-a453-6e1c26c636b2 timeout after 120s
[2m2026-05-20T06:14:14.124622Z[0m [31mERROR[0m [2minfer_server::error[0m[2m:[0m Internal error: Request 3750af8e-8c75-4ce3-8900-e06814fb6a3e timeout after 120s
[2m2026-05-20T06:14:14.124965Z[0m [31mERROR[0m [2mtower_http::trace::on_failure[0m[2m:[0m response failed [3mclassification[0m[2m=[0mStatus code: 500 Internal Server Error [3mlatency[0m[2m=[0m120001 ms
[2m2026-05-20T06:14:14.124634Z[0m [31mERROR[0m [2mtower_http::trace::on_failure[0m[2m:[0m response failed [3mclassification[0m[2m=[0mStatus code: 500 Internal Server Error [3mlatency[0m[2m=[0m120001 ms
[2m2026-05-20T06:14:14.124830Z[0m [31mERROR[0m [2mtower_http::trace::on_failure[0m[2m:[0m response failed [3mclassification[0m[2m=[0mStatus code: 500 Internal Server Error [3mlatency[0m[2m=[0m120001 ms
[2m2026-05-20T06:14:14.124846Z[0m [31mERROR[0m [2mtower_http::trace::on_failure[0m[2m:[0m response failed [3mclassification[0m[2m=[0mStatus code: 500 Internal Server Error [3mlatency[0m[2m=[0m120001 ms
[2m2026-05-20T06:14:14.124718Z[0m [31mERROR[0m [2minfer_server::error[0m[2m:[0m Internal error: Request 8e57dcc2-c8c0-48fd-8d3b-6c6404f80a67 timeout after 120s
[2m2026-05-20T06:14:14.124734Z[0m [31mERROR[0m [2minfer_server::error[0m[2m:[0m Internal error: Request 447e37d7-1bcf-422d-a84a-7a85a16b1baf timeout after 120s
[2m2026-05-20T06:14:14.124972Z[0m [31mERROR[0m [2mtower_http::trace::on_failure[0m[2m:[0m response failed [3mclassification[0m[2m=[0mStatus code: 500 Internal Server Error [3mlatency[0m[2m=[0m120001 ms
[2m2026-05-20T06:14:14.124785Z[0m [31mERROR[0m [2mtower_http::trace::on_failure[0m[2m:[0m response failed [3mclassification[0m[2m=[0mStatus code: 500 Internal Server Error [3mlatency[0m[2m=[0m120001 ms
[2m2026-05-20T06:14:14.125047Z[0m [31mERROR[0m [2mtower_http::trace::on_failure[0m[2m:[0m response failed [3mclassification[0m[2m=[0mStatus code: 500 Internal Server Error [3mlatency[0m[2m=[0m120001 ms
[2m2026-05-20T06:14:14.125058Z[0m [31mERROR[0m [2mtower_http::trace::on_failure[0m[2m:[0m response failed [3mclassification[0m[2m=[0mStatus code: 500 Internal Server Error [3mlatency[0m[2m=[0m120001 ms
[2m2026-05-20T06:16:14.126560Z[0m [31mERROR[0m [2minfer_server::error[0m[2m:[0m Internal error: Request 26f0992c-4778-4e6f-8e95-fff9871ccad0 timeout after 120s
[2m2026-05-20T06:16:14.126560Z[0m [31mERROR[0m [2minfer_server::error[0m[2m:[0m Internal error: Request 6d9a3bac-786e-4038-9de1-4703aa0575cf timeout after 120s
[2m2026-05-20T06:16:14.126600Z[0m [31mERROR[0m [2minfer_server::error[0m[2m:[0m Internal error: Request a3e1db5d-2129-4ec4-8063-af620e01caa3 timeout after 120s
[2m2026-05-20T06:16:14.126633Z[0m [31mERROR[0m [2mtower_http::trace::on_failure[0m[2m:[0m response failed [3mclassification[0m[2m=[0mStatus code: 500 Internal Server Error [3mlatency[0m[2m=[0m120001 ms
[2m2026-05-20T06:16:14.126641Z[0m [31mERROR[0m [2mtower_http::trace::on_failure[0m[2m:[0m response failed [3mclassification[0m[2m=[0mStatus code: 500 Internal Server Error [3mlatency[0m[2m=[0m120000 ms
[2m2026-05-20T06:16:14.126692Z[0m [31mERROR[0m [2mtower_http::trace::on_failure[0m[2m:[0m response failed [3mclassification[0m[2m=[0mStatus code: 500 Internal Server Error [3mlatency[0m[2m=[0m120001 ms
[2m2026-05-20T06:16:14.127675Z[0m [31mERROR[0m [2minfer_server::error[0m[2m:[0m Internal error: Request 74b8bdef-929a-461e-8fe6-98165bee4638 timeout after 120s
[2m2026-05-20T06:16:14.127685Z[0m [31mERROR[0m [2minfer_server::error[0m[2m:[0m Internal error: Request 67256567-93cc-495a-ad0e-d380ad438a92 timeout after 120s
[2m2026-05-20T06:16:14.127690Z[0m [31mERROR[0m [2minfer_server::error[0m[2m:[0m Internal error: Request d82abbae-1104-4b50-83ac-be871d2284ca timeout after 120s
[2m2026-05-20T06:16:14.127715Z[0m [31mERROR[0m [2mtower_http::trace::on_failure[0m[2m:[0m response failed [3mclassification[0m[2m=[0mStatus code: 500 Internal Server Error [3mlatency[0m[2m=[0m120001 ms
[2m2026-05-20T06:16:14.127702Z[0m [31mERROR[0m [2mtower_http::trace::on_failure[0m[2m:[0m response failed [3mclassification[0m[2m=[0mStatus code: 500 Internal Server Error [3mlatency[0m[2m=[0m120001 ms
[2m2026-05-20T06:16:14.127742Z[0m [31mERROR[0m [2minfer_server::error[0m[2m:[0m Internal error: Request cf3e172a-d279-46a0-8053-685bc2d27d79 timeout after 120s
[2m2026-05-20T06:16:14.127719Z[0m [31mERROR[0m [2mtower_http::trace::on_failure[0m[2m:[0m response failed [3mclassification[0m[2m=[0mStatus code: 500 Internal Server Error [3mlatency[0m[2m=[0m120001 ms
[2m2026-05-20T06:16:14.127752Z[0m [31mERROR[0m [2minfer_server::error[0m[2m:[0m Internal error: Request 82e3f420-8cae-4896-b354-36364bd77872 timeout after 120s
[2m2026-05-20T06:16:14.127793Z[0m [31mERROR[0m [2mtower_http::trace::on_failure[0m[2m:[0m response failed [3mclassification[0m[2m=[0mStatus code: 500 Internal Server Error [3mlatency[0m[2m=[0m120001 ms
[2m2026-05-20T06:16:14.127807Z[0m [31mERROR[0m [2minfer_server::error[0m[2m:[0m Internal error: Request 3794dfae-3bf6-4070-8aff-d6d1af629e05 timeout after 120s
[2m2026-05-20T06:16:14.127807Z[0m [31mERROR[0m [2minfer_server::error[0m[2m:[0m Internal error: Request b3fb6340-a319-4ab4-a54a-d5f0cba3a0d1 timeout after 120s
[2m2026-05-20T06:16:14.127841Z[0m [31mERROR[0m [2minfer_server::error[0m[2m:[0m Internal error: Request f9e5790f-768b-41c4-8a37-4afd7d1574a3 timeout after 120s
[2m2026-05-20T06:16:14.127695Z[0m [31mERROR[0m [2minfer_server::error[0m[2m:[0m Internal error: Request e391abf3-3498-4ee4-9d14-ff14085f4e8b timeout after 120s
[2m2026-05-20T06:16:14.127799Z[0m [31mERROR[0m [2mtower_http::trace::on_failure[0m[2m:[0m response failed [3mclassification[0m[2m=[0mStatus code: 500 Internal Server Error [3mlatency[0m[2m=[0m120001 ms
[2m2026-05-20T06:16:14.127762Z[0m [31mERROR[0m [2minfer_server::error[0m[2m:[0m Internal error: Request 4df83cc5-96f0-4208-9101-5616a242146c timeout after 120s
[2m2026-05-20T06:16:14.127764Z[0m [31mERROR[0m [2minfer_server::error[0m[2m:[0m Internal error: Request 15b44aaa-3c19-4dcf-a177-7a51ba284050 timeout after 120s
[2m2026-05-20T06:16:14.127817Z[0m [31mERROR[0m [2mtower_http::trace::on_failure[0m[2m:[0m response failed [3mclassification[0m[2m=[0mStatus code: 500 Internal Server Error [3mlatency[0m[2m=[0m120001 ms
[2m2026-05-20T06:16:14.127976Z[0m [31mERROR[0m [2mtower_http::trace::on_failure[0m[2m:[0m response failed [3mclassification[0m[2m=[0mStatus code: 500 Internal Server Error [3mlatency[0m[2m=[0m120001 ms
[2m2026-05-20T06:16:14.127764Z[0m [31mERROR[0m [2minfer_server::error[0m[2m:[0m Internal error: Request 6f5ffded-1a20-4583-86d0-1c26d7e95433 timeout after 120s
[2m2026-05-20T06:16:14.127865Z[0m [31mERROR[0m [2mtower_http::trace::on_failure[0m[2m:[0m response failed [3mclassification[0m[2m=[0mStatus code: 500 Internal Server Error [3mlatency[0m[2m=[0m120001 ms
[2m2026-05-20T06:16:14.127905Z[0m [31mERROR[0m [2mtower_http::trace::on_failure[0m[2m:[0m response failed [3mclassification[0m[2m=[0mStatus code: 500 Internal Server Error [3mlatency[0m[2m=[0m120001 ms
[2m2026-05-20T06:16:14.128029Z[0m [31mERROR[0m [2mtower_http::trace::on_failure[0m[2m:[0m response failed [3mclassification[0m[2m=[0mStatus code: 500 Internal Server Error [3mlatency[0m[2m=[0m120001 ms
[2m2026-05-20T06:16:14.127957Z[0m [31mERROR[0m [2mtower_http::trace::on_failure[0m[2m:[0m response failed [3mclassification[0m[2m=[0mStatus code: 500 Internal Server Error [3mlatency[0m[2m=[0m120001 ms
[2m2026-05-20T06:16:14.127845Z[0m [31mERROR[0m [2minfer_server::error[0m[2m:[0m Internal error: Request 40622129-d98a-45be-8b9f-8ca049ac0886 timeout after 120s
[2m2026-05-20T06:16:14.127950Z[0m [31mERROR[0m [2mtower_http::trace::on_failure[0m[2m:[0m response failed [3mclassification[0m[2m=[0mStatus code: 500 Internal Server Error [3mlatency[0m[2m=[0m120001 ms
[2m2026-05-20T06:16:14.128076Z[0m [31mERROR[0m [2mtower_http::trace::on_failure[0m[2m:[0m response failed [3mclassification[0m[2m=[0mStatus code: 500 Internal Server Error [3mlatency[0m[2m=[0m120001 ms
